// Jest Snapshot v1, https://goo.gl/fbAQLP

exports[`<Select /> should match to snapshot when render default 1`] = `
<select
  onChange={[Function]}
  value=""
/>
`;
