// Jest Snapshot v1, https://goo.gl/fbAQLP

exports[`Test Search Component should match to snapshot 1`] = `
<div
  className="Search"
>
  <Connect(toJS(SearchMenu)) />
  <Connect(toJS(SearchInput)) />
  <Connect(toJS(SearchList)) />
</div>
`;
