// Jest Snapshot v1, https://goo.gl/fbAQLP

exports[`<Header /> should match to snapshot when render default 1`] = `
<div
  className="Header"
/>
`;
