// Jest Snapshot v1, https://goo.gl/fbAQLP

exports[`<WidgetHeader /> should match to snapshot when render default 1`] = `
<div
  className="WidgetHeader__title-bar"
>
  <TitleBar
    defaultUserAgent="DESKTOP"
    id=""
    onCloseWidget={[Function]}
    onUpdateWidgetInfo={[Function]}
    title=""
    userAgent=""
  />
  <AddressBar
    currentUrl=""
    homeUrl=""
    id=""
    isLoading={false}
    isMakeProgress={false}
    isOnTop={false}
    onEditWidget={[Function]}
    onMakeWidget={[Function]}
    onModalOpen={[Function]}
    onUpdateWidgetInfo={[Function]}
    reloadInterval={0}
    webView={null}
  />
</div>
`;
