// Jest Snapshot v1, https://goo.gl/fbAQLP

exports[`<PinIcon /> should match to snapshot when render default 1`] = `
<svg
  height="18px"
  version="1.1"
  viewBox="0 0 17 18"
  width="17px"
  xmlns="http://www.w3.org/2000/svg"
  xmlnsXlink="http://www.w3.org/1999/xlink"
>
  <g
    fill="none"
    fillRule="evenodd"
    stroke="none"
    strokeWidth="1"
    transform="translate(-467.000000, -260.000000)"
  >
    <path
      d="M476.182646,270.194212 L476.182646,275.45698 L475.451226,276.893752 L474.719805,275.45698 L474.719805,270.194212 L469.356056,270.194212 C469.356056,270.194212 469.356056,268.6589 473.094427,268.240179 L473.094427,262.378081 C473.094427,262.378081 470.981434,262.238507 470.493821,260.842769 L480.408631,260.842769 C480.408631,260.842769 479.921017,262.238507 477.808025,262.378081 L477.808025,268.240179 C477.808025,268.240179 481.383858,268.6589 481.546396,270.194212 L476.182646,270.194212 Z"
      fill="#3C4954"
    />
  </g>
</svg>
`;
