// Jest Snapshot v1, https://goo.gl/fbAQLP

exports[`<ReloadTimer /> should match to snapshot when render default 1`] = `
<div
  className="ReloadTimer"
>
  <button
    className="ReloadTimer__button"
    onClick={[Function]}
    type="button"
  >
    <SVGInline
      classSuffix="-svg"
      cleanup={Array []}
      cleanupExceptions={Array []}
      component="span"
      svg={Object {}}
    />
  </button>
  <button
    className="ReloadTimer__button"
    onClick={[Function]}
    type="button"
  >
    00
     : 
    00
  </button>
</div>
`;

exports[`<ReloadTimer /> should match to snapshot when render default 2`] = `
<div
  className="ReloadTimer"
>
  <button
    className="ReloadTimer__button"
    onClick={[Function]}
    type="button"
  >
    <SVGInline
      classSuffix="-svg"
      cleanup={Array []}
      cleanupExceptions={Array []}
      component="span"
      svg={Object {}}
    />
  </button>
  <button
    className="ReloadTimer__button"
    onClick={[Function]}
    type="button"
  >
    100
     : 
    15
  </button>
</div>
`;
