// Jest Snapshot v1, https://goo.gl/fbAQLP

exports[`<WidgetBackIcon /> should match to snapshot when render default 1`] = `
<svg
  height="15px"
  version="1.1"
  viewBox="0 0 15 15"
  width="15px"
  xmlns="http://www.w3.org/2000/svg"
  xmlnsXlink="http://www.w3.org/1999/xlink"
>
  <g
    fill="none"
    fillRule="evenodd"
    stroke="none"
    strokeWidth="1"
    transform="translate(-362.000000, -96.000000)"
  >
    <path
      d="M365.009305,100.261569 C364.52115,99.7734137 364.52115,98.9819574 365.009305,98.4938021 C365.49746,98.0056467 366.288917,98.0056467 366.777072,98.4938021 L374.762311,106.479041 C375.250466,106.967196 375.250466,107.758653 374.762311,108.246808 C374.274156,108.734963 373.482699,108.734963 372.994544,108.246808 L365.009305,100.261569 Z"
      fill="#BEC0CC"
      fillRule="nonzero"
      id="Line"
    />
    <path
      d="M365.009305,100.261569 C364.52115,99.7734137 364.52115,98.9819574 365.009305,98.4938021 C365.49746,98.0056467 366.288917,98.0056467 366.777072,98.4938021 L374.762311,106.479041 C375.250466,106.967196 375.250466,107.758653 374.762311,108.246808 C374.274156,108.734963 373.482699,108.734963 372.994544,108.246808 L365.009305,100.261569 Z"
      fill="#BEC0CC"
      fillRule="nonzero"
      id="Line"
      transform="translate(369.885808, 103.370305) scale(-1, 1) translate(-369.885808, -103.370305) "
    />
  </g>
</svg>
`;
